MB2002  data03 AKAAKIHA     n=1210 true_color=False distinct_palettes=5
MB2002  data03 AKIHA        n=1180 true_color=False distinct_palettes=5
MB2002  data03 ARC          n=1098 true_color=False distinct_palettes=5
MB2002  data03 CIEL         n=1005 true_color=False distinct_palettes=5
MB2002  data03 EFFECT       n=354 true_color=True distinct_palettes=1
MB2002  data03 EFFECT_      n=200 true_color=False distinct_palettes=3
MB2002  data03 HISUI        n=895 true_color=False distinct_palettes=5
MB2002  data03 KOHAKU       n=936 true_color=False distinct_palettes=5
MB2002  data03 M_HISUI      n=951 true_color=False distinct_palettes=5
MB2002  data03 MIYAKO       n=468 true_color=False distinct_palettes=5
MB2002  data03 NANAYA       n=787 true_color=False distinct_palettes=5
MB2002  data03 NERO         n=431 true_color=False distinct_palettes=5
MB2002  data03 SHIKI        n=773 true_color=False distinct_palettes=5
MB2002  data03 SION         n=839 true_color=False distinct_palettes=5
MB2002  data03 V_SION       n=839 true_color=False distinct_palettes=5
MB2002  data03 WARAKIA      n=592 true_color=False distinct_palettes=4
MB2002  data03 WARC         n=1130 true_color=False distinct_palettes=5
ReAct   01   AKAAKIHA     n=1394 magic=BMP Cutter3
ReAct   01   AKIHA        n=1241 magic=BMP Cutter3
ReAct   01   AOKO         n=530 magic=BMP Cutter3
ReAct   01   ARC          n=1263 magic=BMP Cutter3
ReAct   01   CIEL         n=1231 magic=BMP Cutter3
ReAct   01   EFFECT       n=388 magic=BMP Cutter3
ReAct   01   HISUI        n=1123 magic=BMP Cutter3
ReAct   01   KOHAKU       n=1065 magic=BMP Cutter3
ReAct   01   LEN          n=1180 magic=BMP Cutter3
ReAct   01   M_HISUI      n=1261 magic=BMP Cutter3
ReAct   01   MIYAKO       n=511 magic=BMP Cutter3
ReAct   01   NANAYA       n=867 magic=BMP Cutter3
ReAct   01   NECO         n=513 magic=BMP Cutter3
ReAct   01   NERO         n=989 magic=BMP Cutter3
ReAct   01   SATSUKI      n=816 magic=BMP Cutter3
ReAct   01   SHIKI        n=831 magic=BMP Cutter3
ReAct   01   SION         n=961 magic=BMP Cutter3
ReAct   01   V_SION       n=1322 magic=BMP Cutter3
ReAct   01   WARAKIA      n=803 magic=BMP Cutter3
ReAct   01   WARC         n=1253 magic=BMP Cutter3
ReAct   01   WLEN         n=1040 magic=BMP Cutter3
MBAC    02   AKAAKIHA     n=1305 magic=BMP Cutter3
MBAC    02   AKIHA        n=1231 magic=BMP Cutter3
MBAC    02   AOKO         n=1161 magic=BMP Cutter3
MBAC    02   ARC          n=1205 magic=BMP Cutter3
MBAC    02   CIEL         n=1244 magic=BMP Cutter3
MBAC    02   CSEL_AKAAKIHA n=36 magic=BMP Cutter3
MBAC    02   CSEL_AKIHA   n=33 magic=BMP Cutter3
MBAC    02   CSEL_AOKO    n=37 magic=BMP Cutter3
MBAC    02   CSEL_ARC     n=48 magic=BMP Cutter3
MBAC    02   CSEL_CIEL    n=33 magic=BMP Cutter3
MBAC    02   CSEL_HISUI   n=37 magic=BMP Cutter3
MBAC    02   CSEL_KISHIMA n=43 magic=BMP Cutter3
MBAC    02   CSEL_KOHAKU  n=26 magic=BMP Cutter3
MBAC    02   CSEL_LEN     n=47 magic=BMP Cutter3
MBAC    02   CSEL_MIYAKO  n=27 magic=BMP Cutter3
MBAC    02   CSEL_M_HISUI n=37 magic=BMP Cutter3
MBAC    02   CSEL_NANAYA  n=24 magic=BMP Cutter3
MBAC    02   CSEL_NECHAOS n=15 magic=BMP Cutter3
MBAC    02   CSEL_NECO    n=17 magic=BMP Cutter3
MBAC    02   CSEL_NERO    n=36 magic=BMP Cutter3
MBAC    02   CSEL_SATSUKI n=49 magic=BMP Cutter3
MBAC    02   CSEL_SHIKI   n=44 magic=BMP Cutter3
MBAC    02   CSEL_SION    n=42 magic=BMP Cutter3
MBAC    02   CSEL_V_SION  n=35 magic=BMP Cutter3
MBAC    02   CSEL_WARAKIA n=30 magic=BMP Cutter3
MBAC    02   CSEL_WARC    n=46 magic=BMP Cutter3
MBAC    02   CSEL_WLEN    n=64 magic=BMP Cutter3
MBAC    02   EFFECT       n=500 magic=BMP Cutter3
MBAC    02   HISUI        n=1006 magic=BMP Cutter3
MBAC    02   KISHIMA      n=931 magic=BMP Cutter3
MBAC    02   KOHAKU       n=985 magic=BMP Cutter3
MBAC    02   LEN          n=1159 magic=BMP Cutter3
MBAC    02   MIYAKO       n=537 magic=BMP Cutter3
MBAC    02   M_HISUI      n=1290 magic=BMP Cutter3
MBAC    02   NANAYA       n=804 magic=BMP Cutter3
MBAC    02   NECHAOS      n=853 magic=BMP Cutter3
MBAC    02   NECO         n=698 magic=BMP Cutter3
MBAC    02   NERO         n=1055 magic=BMP Cutter3
MBAC    02   SATSUKI      n=886 magic=BMP Cutter3
MBAC    02   SHIKI        n=707 magic=BMP Cutter3
MBAC    02   SION         n=951 magic=BMP Cutter3
MBAC    02   V_SION       n=1076 magic=BMP Cutter3
MBAC    02   WARAKIA      n=836 magic=BMP Cutter3
MBAC    02   WARC         n=1075 magic=BMP Cutter3
MBAC    02   WLEN         n=1346 magic=BMP Cutter3
wrote 136 census rows, 53667 diff rows, 76 skipped
