[21:47:33.549] [pchost] runtime build 0f5a23c6-dirty 2026-09-25 01:45Z
[21:47:33.549] [env] dllDir=C:\games\mbaacc_winaspect dll=C:\games\mbaacc_winaspect\pchost.dll exeDir=C:\games\mbaacc_winaspect DLL_PATH=C:\games\mbaacc_winaspect\pchost_stagelink.dll GAME=mbaacc(mbaacc) SYNC_LOG=<null> CC_SYNCHASH=<null> CC_AUTONAV=<null> CC_COMPAT=<null>
[21:47:33.578] [env] pchost.dll stamp: fnv1a=2721AFB5 size=14651421 (the bytes that ran; equal on two peers = same build)
[21:47:33.579] [pchost/mbaacc] patch OK @0x4A3E88 dialog-skip (DialogBoxParamA -> add esp,14h; xor eax,eax; inc eax)
[21:47:33.579] [pchost/mbaacc] patch OK @0x40D9DB force-windowed (NOP the jnz fullscreen branch)
[21:47:33.579] [pchost/mbaacc] patch OK @0x54D040 force-windowed (windowed flag := 1 — idempotent data set, deliberately UNGUARDED)
[21:47:33.579] [pchost/mbaacc] patch OK @0x40D99E window-unclamp (skip high-X clamp: PosX >= SM_CXSCREEN - width)
[21:47:33.579] [pchost/mbaacc] patch OK @0x40D9BC window-unclamp (skip high-Y clamp: PosY >= SM_CYSCREEN - height)
[21:47:33.579] [pchost/mbaacc] patch OK @0x40D9CC window-unclamp (skip low-X clamp: PosX < 0 -> 0)
[21:47:33.579] [pchost/mbaacc] patch OK @0x40D9D2 window-unclamp (skip low-Y clamp: PosY < 0 -> 0)
[21:47:33.579] [pchost/mbaacc] patch OK @0x40DA17 window-noflash (push 0(Y);push 0(X) -> push ebx;push edi — first move goes straight to PosX/PosY)
[21:47:33.579] [pchost/mbaacc] patch OK @0x40DA44 window-noflash (add eax,ebx (Y += PosY) -> nop)
[21:47:33.580] [pchost/mbaacc] patch OK @0x40DA49 window-noflash (add ecx,edi (X += PosX) -> nop)
[21:47:33.580] [pchost/mbaacc] patch OK @0x4A3B28 poscoord-unclamp (jge -> jmp: keep a negative window PosX, don't floor to 0)
[21:47:33.580] [pchost/mbaacc] patch OK @0x4A3B36 poscoord-unclamp (jge -> jmp: keep a negative window PosY, don't floor to 0)
[21:47:33.580] [pchost/mbaacc] patch OK @0x4A3B70 no-persist (_App.ini writer NOP'd @0x4A3B70 — the game won't clobber our boot config)
[21:47:33.580] [pchost/mbaacc] patch OK @0x40D25A multi-instance (jnz->jmp, 2nd instance allowed)
[21:47:33.580] [pchost/mbaacc] boot patches: 14/14 byte patches applied
[21:47:33.580] [pchost/mbaacc] patch OK @0x41F098 hijackControls (NOP joystick store 0x41F098)
[21:47:33.580] [pchost/mbaacc] patch OK @0x41F0A0 hijackControls (NOP joystick store 0x41F0A0)
[21:47:33.580] [pchost/mbaacc] patch OK @0x4A024E hijackControls (NOP joystick store 0x4A024E)
[21:47:33.580] [pchost/mbaacc] patch OK @0x4A027F hijackControls (NOP joystick store 0x4A027F)
[21:47:33.580] [pchost/mbaacc] patch OK @0x4A0291 hijackControls (NOP joystick store 0x4A0291)
[21:47:33.580] [pchost/mbaacc] patch OK @0x4A02A2 hijackControls (NOP joystick store 0x4A02A2)
[21:47:33.580] [pchost/mbaacc] patch OK @0x4A02B4 hijackControls (NOP joystick store 0x4A02B4)
[21:47:33.580] [pchost/mbaacc] patch OK @0x4A02E9 hijackControls (NOP joystick store 0x4A02E9)
[21:47:33.580] [pchost/mbaacc] patch OK @0x4A02F2 hijackControls (NOP joystick store 0x4A02F2)
[21:47:33.580] [pchost/mbaacc] patch OK @0x54D2C0 hijackControls (zero the 20-byte keyboard scancode map @0x54D2C0)
[21:47:33.581] [pchost/mbaacc] hijackControls: 10/10 byte patches applied
[21:47:33.581] [pchost/mbaacc] patch OK @0x42B475 force-versus (test al,al -> jmp Versus)
[21:47:33.581] [pchost/mbaacc] force-versus: 1/1 byte patches applied
[21:47:33.581] [pchost/mbaacc] file-share: OpenFile not imported by this exe (slot skipped)
[21:47:33.581] [pc-hooks] IAT mbaacc file-share CreateFileA -> 5293a770 (slot 0051b054)
[21:47:33.581] [pchost/mbaacc] file-share: LockFile not imported by this exe (slot skipped)
[21:47:33.581] [pchost/mbaacc] file-share: UnlockFile not imported by this exe (slot skipped)
[21:47:33.581] [pchost/mbaacc] file-share shims installed (1 slot patched, 3 not imported; read opens -> deny-none, cross-instance asset-open race fix)
[21:47:33.587] [pchost] worker: entry (watchdog armed) (t=0ms)
[21:47:33.591] [pchost] crash dumps ARMED -> C:\games\mbaacc_winaspect\pchost_crash_41900_13279359.dmp
[21:47:33.591] [pchost] worker: paths resolved (t=16ms)
[21:47:33.591] [pchost] worker: reading video.adapter from ini (t=16ms)
[21:47:33.592] [pchost] worker: ini read; installing video boot hooks (t=16ms)
[21:47:33.592] [pchost] video: no adapter pin (target=0, primary)
[21:47:33.592] [pchost] worker: video boot hooks done; waiting for game main loop (t=16ms)
[21:47:33.592] [pchost] gate: probing... (t=0ms fc=0 gm=65535)
[21:47:34.097] [pchost] gate: probing... (t=500ms fc=0 gm=65535)
[21:47:34.591] [pchost] gate: probing... (t=1000ms fc=0 gm=65535)
[21:47:35.091] [pchost] gate: probing... (t=1500ms fc=0 gm=65535)
[21:47:35.590] [pchost] gate: probing... (t=2000ms fc=0 gm=65535)
[21:47:36.090] [pchost] gate: probing... (t=2500ms fc=0 gm=65535)
[21:47:36.591] [pchost] gate: probing... (t=3000ms fc=0 gm=65535)
[21:47:37.089] [pchost] gate: probing... (t=3500ms fc=0 gm=65535)
[21:47:37.319] [pchost] boot: game main loop RUNNING after 3718ms (frameCounter 0->0, gameMode 65535->3, budget 8000ms) — installing hooks
[21:47:37.319] [pchost] worker: main-loop gate passed; Driver::init (t=3734ms)
[21:47:37.320] [pchost] init: base=0x00400000 bin=C:\games\mbaacc_winaspect\rollback.bin
[21:47:37.321] [pchost/compat] component=pchost contract="0f5a23c6-dirty 2026-09-25 01:45Z"
[21:47:37.321] [pchost/compat] platform wine=no host="native windows"
[21:47:37.321] [pchost/compat] steam proton=no appid="" overlay=no steaminput=no
[21:47:37.321] [pchost/compat] state root="C:\\games\\mbaacc_winaspect" fallback=no
[21:47:37.321] [pchost/compat] timing qpc-frequency=10000000 sane=yes
[21:47:37.321] [pchost/compat] module name="pchost.dll" path="C:\\games\\mbaacc_winaspect\\pchost.dll" sha256=none
[21:47:37.321] [pchost/compat] module name="(host exe)" path="C:\\games\\mbaacc_winaspect\\MBAA.exe" sha256=none
[21:47:37.321] [pchost/compat] socket preflight: winsock 2.2 "WinSock 2.0" | native windows | udp-protocolinfo-repair=available (no duplicated sockets in this build)
[21:47:37.338] [pchost] savestate map OK: stateSize=1242553 bytes
[21:47:37.339] [pchost] SFX hooks installed
[21:47:37.339] [pchost] LOBBY: in-game lobby service registered -- directory "mbaacc" on 2dfm.org:5555, 0 saved player(s), player id ABSENT (no presence for our own rows). It connects when a lobby screen opens.
[21:47:37.340] [pchost/mbaacc] replay-underflow trap armed (#220)
[21:47:37.340] [pchost/mbaacc] CSSWIDEN ENV PCHOST_MBAACC_TEAMBATTLE=
[21:47:37.340] [pchost/mbaacc] CSSWIDEN ENV PCHOST_MBAACC_TEAMSCENE=
[21:47:37.340] [pchost/mbaacc] CSSWIDEN ENV PCHOST_MBAACC_TEAMMENU=
[21:47:37.340] [pchost/mbaacc] CSSWIDEN ENV PCHOST_MBAACC_MENUSEEK=
[21:47:37.340] [pchost/mbaacc] CSSWIDEN ENV PCHOST_MBAACC_CSSREUSE=
[21:47:37.340] [pchost/mbaacc] CSSWIDEN ENV PCHOST_MBAACC_CSSSENTINEL=
[21:47:37.340] [pchost/mbaacc] CSSWIDEN ENV PCHOST_MBAACC_CSSWIDEN_MASK=
[21:47:37.340] [pchost/mbaacc] CSSWIDEN ENV PCHOST_MBAACC_CSSPORTS=
[21:47:37.340] [pchost/mbaacc] CSSWIDEN ENV PCHOST_MBAACC_CSSPULSE=
[21:47:37.340] [pchost/mbaacc] CSSWIDEN ENV PCHOST_MBAACC_CSSCONFIRM=
[21:47:37.355] [pchost/mbaacc] TAG tuning loaded at first use — C:\games\mbaacc_winaspect\tag_tuning.ini; style='Classic'
[21:47:37.356] [pchost/mbaacc] TAG tuning values: cooldownTicks=120 guardSwapHit=1 exitTimeoutTicks=180 regen=1 regenPerTick=1 parkX=-102400 parkY=0 pinTeamPoint=1 cancelWindowTicks=-1 cancelNormals=1 cancelSpecials=1 airTagOut=0 airTagIn=0 entryStyle=edge entryX=40960 dropX=16384 entryY=-40000 arcY=0 arcVelX=900 arcVelY=-2800 dropVelY=0 entryGravity=150 entryAnchor=camera entryInvulnTicks=0 koRule=oneDown forcedEntryDelayTicks=60 swapRedKeepPct=50
[21:47:37.356] [pchost/mbaacc] TAG tuning set v1 (block 79 bytes + 0 character section(s), 80 bytes) sha256=c28af5abe6d7a53009c4fb09f4c3cbe1ec9be743d0ea379508044bdec8ced31a set=011a7800000001b400000001010000000070feff00000000ffffffff010100000000a0000000400000c063ffff000000008403000010f5ffff00000000960000000000000000003c0000003200000000
[21:47:37.356] [pchost/mbaacc] TAG env: PCHOST_MBAACC_TAG=0 TEAMMENU=0 2V2=0 TAG_RULE=mbac P3=- P4=-
[21:47:37.356] [pchost/mbaacc] TAG H2 TagIn/TagOut fill (post LoadCharacterCommandFile) @00448d4f installed
[21:47:37.356] [pchost/mbaacc] TAG H1/H3/H4 skipped: neither PCHOST_MBAACC_TAG nor PCHOST_MBAACC_TEAMMENU is set, so TAG is unreachable
[21:47:37.356] [pchost] menu hooks installed (gate=0)
[21:47:37.356] [cb] init: localPlayer=0 configDir=C:\games\mbaacc_winaspect -- SDL session deferred to first poll (game thread)
[21:47:37.357] [pchost] pc-input: loaded mappings from C:\games\mbaacc_winaspect\povertycaster.ini
[21:47:37.357] [pchost] pc-input: in-process device reader up (localPlayer=0 manualMenus=0 aiBattle=0)
[21:47:37.357] [pc-hooks] trampoline arena reserved: 1048576 bytes (BAD_ALLOCATION now needs an arena overflow)
[21:47:37.357] [pchost] EXIT: kernel32!ExitProcess IAT slot rva=0x11B1A0 HOOKED -- a window close or clean quit now ends with BYE + recorder close + sync-log flush
[21:47:37.357] [pchost] frame driver hook @0x40E390 installed (int __cdecl f(void))
[21:47:37.357] [pchost] roundStart MidHook @0x440CC5 installed
[21:47:37.362] [pchost] init OK: frame hook@0x40E390, RuntimeDriver up (net=0) — overlay deferred to the 1st frame
[21:47:37.374] [cb] focus gate ARMED: game hwnd=006f0a50 — background input is gated from here on
[21:47:37.374] [overlay] acquired Present/Reset from the game's OWN device (no throwaway probe)
[21:47:37.375] [overlay] wndproc(c) OverlayInput::install hwnd=006f0a50 prevProc=ffff1189 ourProc=52967ba0 ok=1
[21:47:37.375] [pchost] overlay: D3D9 hook installed (hwnd=006f0a50 present=0x641405D0 reset=0x641409D0)
[21:47:37.377] [pchost] video: scale mode = auto, upscale filter = nearest (midhook=off, settings=00554138)
[21:47:37.381] [pchost] video: scale mode = auto, upscale filter = nearest (midhook=off, settings=00554138)
[21:47:37.384] [pchost] capture: setCaptureMirrorRect(0,0 2560x1080) stored (mirror not running yet)
[21:47:37.384] [pchost] capture: setCaptureMirror(off) pending-rect=(0,0 2560x1080)
[21:47:37.385] [pchost] menu: installed (ini=C:\games\mbaacc_winaspect\povertycaster.ini scale=1x hud=0 local=P1)
[21:47:37.386] [pchost] sidebars: off, set 'steam', per-character 0, fade 533 ms, art root C:\games\mbaacc_winaspect\povertycaster\sidebars
[21:47:37.386] [pchost] video: scale mode = auto, upscale filter = nearest (midhook=off, settings=00554138)
[21:47:37.468] [pchost] chara filter = off (live@0074d884=0, setting=0) — battle-only effect
[21:47:37.468] [pchost/mbaacc] ETM-RELOAD Shift+N hotkey wired (pc-overlay message latch; armed only while the offline gate is open)
[21:47:37.469] [pchost/mbaacc] STAGE-LINK Shift+B stage-reload hotkey wired (pc-overlay message latch, under the Shift+N offline arm)
[21:47:37.469] [pchost] [#207] hitbox viewer installed (F5), startVisible=0
[21:47:37.469] [pchost] stage-bg render-only patch installed (advance rides the Present hook)
[21:47:37.469] [pchost/mbaacc] STAGE-LINK .\0000.p absent at boot: stage ops read the loose Bg\ files
[21:47:37.469] [pchost/mbaacc] ETM-LINK serving \\.\pipe\povertycaster-link-41900 (PCHOST_MBAACC_LINK=1)
[21:47:37.626] [cb] session: 2 player slot(s) from the adapter layout (profile=mbaacc, 13 actions)
[21:47:37.629] [cb] SDL session up on game thread: 1 device(s) (local slot P0, offline: config seats as saved; default dev 0):
[21:47:37.629] [cb]   [0] Keyboard                     (kb)  -> P2
[21:47:37.633] [cb] P0 held=0x0000
[21:47:37.634] [pchost] pacing: game thread MMCSS "Games" ON (tid=36088, err=0)
[21:47:37.635] [prof/mbaa] section probes installed (logic/rsync/present) +PACE-AT-PRESENT
[21:47:37.635] [pchost] frame clock taken over (native FPS limiter killed; 1ms sched res)
[21:47:37.635] [pchost] SCENE -> Initial @f=0 menu=-1 (gameMode=3)
[21:47:37.635] [overlay] WH_GETMESSAGE hook INSTALLED (thread 36088). MFC's PreTranslateMessage eats WM_KEYDOWN before DispatchMessage, so no window proc ever sees a key -- measured as mouse climbing while keydowns stayed 0. This sees the
[21:47:38.363] [pchost] monitor t=1s frameCounter=5 (+0) worldTimer=5 gameMode=2
[21:47:38.500] [pchost] screenshot requested -> C:\games\mbaacc_winaspect\_stagelink_11_bg28_after_reload.bmp (backbuffer only)
[21:47:38.580] [pchost] video: borderless applied — style=96000000 ex=00000000 rect=640x480 @-640,0 (monitor 640x480)
[21:47:38.580] [pchost] nickname: (unset -- titles fall back to P1/P2)
[21:47:38.715] [perf/offline] STALE(no pace() since last sample — the clock fields are a REPRINT) paced=0 rfps=0.0/0.0 simfps=0.0 wk=0.0ms max=0.0ms jit=0.0ms ovr=0% drop=0/0 scene=Initial
[21:47:38.716] [pchost] video: boot-restore Borderless
[21:47:38.720] [pchost] video: setMode borderless 640x480 (cur=win -> keep) reset requested
[21:47:38.730] [pchost] video: borderless applied — style=96000000 ex=00000000 rect=640x480 @-640,0 (monitor 640x480)
[21:47:38.736] [overlay] DX9 Reset: device lost -> ImGui objects invalidated
[21:47:38.755] [overlay] DX9 Reset returned 0x00000000 (OK) back buffer 640x480
[21:47:38.853] [pchost] video: borderless applied — style=96000000 ex=00000000 rect=640x480 @-640,0 (monitor 640x480)
[21:47:39.364] [pchost] monitor t=2s frameCounter=91 (+86) worldTimer=91 gameMode=20
[21:47:39.603] [pchost] SCENE -> CharaSelect @f=89 menu=-1 (gameMode=20)
[21:47:39.605] [perf/offline] STALE(no pace() since last sample — the clock fields are a REPRINT) paced=0 rfps=0.0/0.0 simfps=67.4 wk=0.0ms max=0.0ms jit=0.0ms ovr=0% drop=0/0 scene=CharaSelect
[21:47:39.605] [overlay] INPUT ours=006f0a50 focus=006f0a50 focus2=00000000 | keydowns=0 f3=0 f4=0 mouse=0 capture=0 pendF3=0 pendF4=0
[21:47:39.612] [perf/offline] STALE(no pace() since last sample — the clock fields are a REPRINT) paced=0 rfps=0.0/0.0 simfps=8718.4 wk=0.0ms max=0.0ms jit=0.0ms ovr=0% drop=0/0 scene=CharaSelect
[21:47:39.620] [perf/offline] STALE(no pace() since last sample — the clock fields are a REPRINT) paced=0 rfps=0.0/0.0 simfps=7828.8 wk=0.0ms max=0.0ms jit=0.0ms ovr=0% drop=0/0 scene=CharaSelect
[21:47:39.620] [overlay] INPUT ours=006f0a50 focus=006f0a50 focus2=00000000 | keydowns=0 f3=0 f4=0 mouse=0 capture=0 pendF3=0 pendF4=0
[21:47:40.365] [pchost] monitor t=3s frameCounter=293 (+202) worldTimer=293 gameMode=8
[21:47:40.408] [pchost] SCENE -> Loading @f=291 menu=-1 (gameMode=8)
[21:47:40.409] [perf/offline] STALE(no pace() since last sample — the clock fields are a REPRINT) paced=0 rfps=0.0/0.0 simfps=76.0 wk=0.0ms max=0.0ms jit=0.0ms ovr=0% drop=0/0 scene=Loading
[21:47:40.444] [perf/offline] STALE(no pace() since last sample — the clock fields are a REPRINT) paced=0 rfps=0.0/0.0 simfps=1732.8 wk=0.0ms max=0.0ms jit=0.0ms ovr=0% drop=0/0 scene=Loading
[21:47:40.444] [overlay] INPUT ours=006f0a50 focus=006f0a50 focus2=00000000 | keydowns=0 f3=0 f4=0 mouse=0 capture=0 pendF3=0 pendF4=0
[21:47:40.464] [perf/offline] STALE(no pace() since last sample — the clock fields are a REPRINT) paced=0 rfps=0.0/0.0 simfps=3013.4 wk=0.0ms max=0.0ms jit=0.0ms ovr=0% drop=0/0 scene=Loading
[21:47:40.488] [perf/offline] STALE(no pace() since last sample — the clock fields are a REPRINT) paced=0 rfps=0.0/0.0 simfps=2442.0 wk=0.0ms max=0.0ms jit=0.0ms ovr=0% drop=0/0 scene=Loading
[21:47:40.489] [overlay] INPUT ours=006f0a50 focus=006f0a50 focus2=00000000 | keydowns=0 f3=0 f4=0 mouse=0 capture=0 pendF3=0 pendF4=0
[21:47:40.523] [perf/offline] STALE(no pace() since last sample — the clock fields are a REPRINT) paced=0 rfps=0.0/0.0 simfps=1737.7 wk=0.0ms max=0.0ms jit=0.0ms ovr=0% drop=0/0 scene=Loading
[21:47:40.539] [perf/offline] STALE(no pace() since last sample — the clock fields are a REPRINT) paced=0 rfps=0.0/0.0 simfps=3743.2 wk=0.0ms max=0.0ms jit=0.0ms ovr=0% drop=0/0 scene=Loading
[21:47:40.539] [overlay] INPUT ours=006f0a50 focus=006f0a50 focus2=00000000 | keydowns=0 f3=0 f4=0 mouse=0 capture=0 pendF3=0 pendF4=0
[21:47:40.571] [perf/offline] STALE(no pace() since last sample — the clock fields are a REPRINT) paced=0 rfps=0.0/0.0 simfps=1896.3 wk=0.0ms max=0.0ms jit=0.0ms ovr=0% drop=0/0 scene=Loading
[21:47:40.598] [perf/offline] STALE(no pace() since last sample — the clock fields are a REPRINT) paced=0 rfps=0.0/0.0 simfps=2202.8 wk=0.0ms max=0.0ms jit=0.0ms ovr=0% drop=0/0 scene=Loading
[21:47:40.598] [overlay] INPUT ours=006f0a50 focus=006f0a50 focus2=00000000 | keydowns=0 f3=0 f4=0 mouse=0 capture=0 pendF3=0 pendF4=0
[21:47:40.626] [perf/offline] STALE(no pace() since last sample — the clock fields are a REPRINT) paced=0 rfps=0.0/0.0 simfps=2144.6 wk=0.0ms max=0.0ms jit=0.0ms ovr=0% drop=0/0 scene=Loading
[21:47:40.645] [perf/offline] STALE(no pace() since last sample — the clock fields are a REPRINT) paced=0 rfps=0.0/0.0 simfps=3087.1 wk=0.0ms max=0.0ms jit=0.0ms ovr=0% drop=0/0 scene=Loading
[21:47:40.645] [overlay] INPUT ours=006f0a50 focus=006f0a50 focus2=00000000 | keydowns=0 f3=0 f4=0 mouse=0 capture=0 pendF3=0 pendF4=0
[21:47:40.664] [pchost] pace: no boot stop reached after 900 frames — pacing anyway (an adapter that does not automate its boot would otherwise run unlimited forever)
[21:47:40.664] [perf/offline] STALE(no pace() since last sample — the clock fields are a REPRINT) paced=0 rfps=0.0/0.0 simfps=3160.1 wk=0.0ms max=0.0ms jit=0.0ms ovr=0% drop=0/0 scene=Loading
[21:47:40.838] [pchost/mbaacc] TAG H2 slot 0 'SION' moon 0: TagIn=241 TagOut=242 (ok)
[21:47:41.304] [pchost/mbaacc] TAG H2 slot 1 'V_SION' moon 0: TagIn=241 TagOut=242 (ok)
[21:47:41.366] [pchost] monitor t=4s frameCounter=945 (+652) worldTimer=946 gameMode=8
[21:47:41.567] [pchost] [#204] intro gate: s0[act=1 bg=0 done=0 partner=0] s1[act=1 bg=0 done=0 partner=0] s2[act=0 bg=0 done=0 partner=0] s3[act=0 bg=0 done=0 partner=0] -- the gate needs every act&&!bg slot to reach done!=0
[21:47:41.567] [pchost] OFFLINE: booted mode=0 (Versus) to InGame @f=951 (gameMode=1 — TRUST THIS ONE if it disagrees with the name; the mode can be reached by routes the id does not see)
[21:47:41.567] [pchost] SCENE -> CharaIntro @f=951 menu=-1 (gameMode=1)
[21:47:41.578] [overlay] Present detour LIVE (first fire)
[21:47:41.579] [overlay] ImGui initialized (Win32 + DX9 backends live)
[21:47:41.593] [overlay] screenshot: wrote C:\games\mbaacc_winaspect\_stagelink_11_bg28_after_reload.bmp (640x480, backbuffer only)
[21:47:41.729] [perf/offline] paced=60 rfps=52.6/60.0 simfps=56.4 wk=6.8ms max=63.1ms jit=6.9ms ovr=8% drop=2/1 scene=CharaIntro
[21:47:41.729] [overlay] INPUT ours=006f0a50 focus=006f0a50 focus2=00000000 | keydowns=0 f3=0 f4=0 mouse=0 capture=0 pendF3=0 pendF4=0
[21:47:42.368] [pchost] monitor t=5s frameCounter=1001 (+56) worldTimer=1002 gameMode=1
[21:47:42.579] [pchost] [#204] intro gate: s0[act=1 bg=0 done=0 partner=0] s1[act=1 bg=0 done=0 partner=0] s2[act=0 bg=0 done=0 partner=0] s3[act=0 bg=0 done=0 partner=0] -- the gate needs every act&&!bg slot to reach done!=0
[21:47:42.759] [perf/offline] paced=60 rfps=55.7/60.0 simfps=58.2 wk=4.4ms max=43.4ms jit=5.6ms ovr=4% drop=1/1 scene=CharaIntro
[21:47:43.369] [pchost] monitor t=6s frameCounter=1059 (+58) worldTimer=1060 gameMode=1
[21:47:43.609] [pchost] [#204] intro gate: s0[act=1 bg=0 done=0 partner=0] s1[act=1 bg=0 done=0 partner=0] s2[act=0 bg=0 done=0 partner=0] s3[act=0 bg=0 done=0 partner=0] -- the gate needs every act&&!bg slot to reach done!=0
[21:47:43.759] [perf/offline] paced=60 rfps=60.0/60.0 simfps=60.0 wk=2.1ms max=24.8ms jit=4.6ms ovr=0% drop=0/0 scene=CharaIntro
[21:47:43.759] [overlay] INPUT ours=006f0a50 focus=006f0a50 focus2=00000000 | keydowns=0 f3=0 f4=0 mouse=0 capture=0 pendF3=0 pendF4=0
[21:47:44.371] [pchost] monitor t=7s frameCounter=1119 (+60) worldTimer=1120 gameMode=1
[21:47:44.609] [pchost] [#204] intro gate: s0[act=1 bg=0 done=1 partner=0] s1[act=1 bg=0 done=0 partner=0] s2[act=0 bg=0 done=0 partner=0] s3[act=0 bg=0 done=0 partner=0] -- the gate needs every act&&!bg slot to reach done!=0
[21:47:44.759] [perf/offline] paced=60 rfps=60.0/60.0 simfps=60.0 wk=2.6ms max=14.8ms jit=2.2ms ovr=0% drop=0/0 scene=CharaIntro
[21:47:45.372] [pchost] monitor t=8s frameCounter=1179 (+60) worldTimer=1180 gameMode=1
[21:47:45.609] [pchost] [#204] intro gate: s0[act=1 bg=0 done=1 partner=0] s1[act=1 bg=0 done=0 partner=0] s2[act=0 bg=0 done=0 partner=0] s3[act=0 bg=0 done=0 partner=0] -- the gate needs every act&&!bg slot to reach done!=0
[21:47:45.742] [pchost] SCENE -> InGame @f=1199 menu=-1 (gameMode=1)
[21:47:45.759] [perf/offline] paced=60 rfps=60.0/60.0 simfps=60.0 wk=3.9ms max=15.6ms jit=0.0ms ovr=0% drop=0/0 scene=InGame
[21:47:45.759] [overlay] INPUT ours=006f0a50 focus=006f0a50 focus2=00000000 | keydowns=0 f3=0 f4=0 mouse=0 capture=0 pendF3=0 pendF4=0
[21:47:46.372] [pchost] monitor t=9s frameCounter=1239 (+60) worldTimer=1240 gameMode=1
[21:47:46.759] [perf/offline] paced=60 rfps=60.0/60.0 simfps=60.0 wk=3.4ms max=10.0ms jit=0.0ms ovr=0% drop=0/0 scene=InGame
[21:47:47.373] [pchost] monitor t=10s frameCounter=1299 (+60) worldTimer=1300 gameMode=1
[21:47:47.759] [perf/offline] paced=60 rfps=60.0/60.0 simfps=60.0 wk=3.1ms max=6.8ms jit=0.0ms ovr=0% drop=0/0 scene=InGame
[21:47:47.759] [overlay] INPUT ours=006f0a50 focus=006f0a50 focus2=00000000 | keydowns=0 f3=0 f4=0 mouse=0 capture=0 pendF3=0 pendF4=0
[21:47:48.374] [pchost] monitor t=11s frameCounter=1359 (+60) worldTimer=1360 gameMode=1
[21:47:48.759] [perf/offline] paced=60 rfps=60.0/60.0 simfps=60.0 wk=2.8ms max=6.1ms jit=0.0ms ovr=0% drop=0/0 scene=InGame
[21:47:49.374] [pchost] monitor t=12s frameCounter=1419 (+60) worldTimer=1420 gameMode=1
[21:47:49.759] [perf/offline] paced=60 rfps=60.0/60.0 simfps=60.0 wk=2.8ms max=4.7ms jit=0.0ms ovr=0% drop=0/0 scene=InGame
[21:47:49.759] [overlay] INPUT ours=006f0a50 focus=006f0a50 focus2=00000000 | keydowns=0 f3=0 f4=0 mouse=0 capture=0 pendF3=0 pendF4=0
[21:47:50.378] [pchost] monitor t=13s frameCounter=1480 (+61) worldTimer=1481 gameMode=1
[21:47:50.759] [perf/offline] paced=60 rfps=60.0/60.0 simfps=60.0 wk=3.3ms max=5.3ms jit=0.0ms ovr=0% drop=0/0 scene=InGame
[21:47:51.379] [pchost] monitor t=14s frameCounter=1540 (+60) worldTimer=1541 gameMode=1
[21:47:51.759] [perf/offline] paced=60 rfps=60.0/60.0 simfps=60.0 wk=2.8ms max=8.2ms jit=0.0ms ovr=0% drop=0/0 scene=InGame
[21:47:51.759] [overlay] INPUT ours=006f0a50 focus=006f0a50 focus2=00000000 | keydowns=0 f3=0 f4=0 mouse=0 capture=0 pendF3=0 pendF4=0
[21:47:52.380] [pchost] monitor t=15s frameCounter=1600 (+60) worldTimer=1601 gameMode=1
[21:47:52.759] [perf/offline] paced=60 rfps=60.0/60.0 simfps=60.0 wk=3.4ms max=8.2ms jit=0.0ms ovr=0% drop=0/0 scene=InGame
[21:47:53.381] [pchost] monitor t=16s frameCounter=1660 (+60) worldTimer=1661 gameMode=1
[21:47:53.759] [perf/offline] paced=60 rfps=60.0/60.0 simfps=60.0 wk=3.3ms max=8.6ms jit=0.0ms ovr=0% drop=0/0 scene=InGame
[21:47:53.759] [overlay] INPUT ours=006f0a50 focus=006f0a50 focus2=00000000 | keydowns=0 f3=0 f4=0 mouse=0 capture=0 pendF3=0 pendF4=0
[21:47:54.382] [pchost] monitor t=17s frameCounter=1720 (+60) worldTimer=1721 gameMode=1
[21:47:54.759] [perf/offline] paced=60 rfps=60.0/60.0 simfps=60.0 wk=3.1ms max=6.2ms jit=0.0ms ovr=0% drop=0/0 scene=InGame
[21:47:55.383] [pchost] monitor t=18s frameCounter=1780 (+60) worldTimer=1781 gameMode=1
[21:47:55.759] [perf/offline] paced=60 rfps=60.0/60.0 simfps=60.0 wk=3.0ms max=4.7ms jit=0.0ms ovr=0% drop=0/0 scene=InGame
[21:47:55.759] [overlay] INPUT ours=006f0a50 focus=006f0a50 focus2=00000000 | keydowns=0 f3=0 f4=0 mouse=0 capture=0 pendF3=0 pendF4=0
[21:47:56.383] [pchost] monitor t=19s frameCounter=1840 (+60) worldTimer=1841 gameMode=1
[21:47:56.759] [perf/offline] paced=60 rfps=60.0/60.0 simfps=60.0 wk=3.2ms max=6.8ms jit=0.0ms ovr=0% drop=0/0 scene=InGame
[21:47:57.384] [pchost] monitor t=20s frameCounter=1900 (+60) worldTimer=1901 gameMode=1
[21:47:57.497] [pchost] screenshot requested -> C:\games\mbaacc_winaspect\_stagelink_10_bg28_before_edit.bmp (backbuffer only)
[21:47:57.506] [overlay] screenshot: wrote C:\games\mbaacc_winaspect\_stagelink_10_bg28_before_edit.bmp (640x480, backbuffer only)
[21:47:57.759] [perf/offline] paced=60 rfps=60.0/60.0 simfps=60.0 wk=3.4ms max=13.6ms jit=0.0ms ovr=0% drop=0/0 scene=InGame
[21:47:57.759] [overlay] INPUT ours=006f0a50 focus=006f0a50 focus2=00000000 | keydowns=0 f3=0 f4=0 mouse=0 capture=0 pendF3=0 pendF4=0
[21:47:58.385] [pchost] monitor t=21s frameCounter=1960 (+60) worldTimer=1961 gameMode=1
[21:47:58.576] [pchost/mbaacc] ETM-LINK editor connected on \\.\pipe\povertycaster-link-41900 (client #1)
[21:47:58.759] [perf/offline] paced=60 rfps=60.0/60.0 simfps=60.0 wk=3.9ms max=9.2ms jit=0.0ms ovr=0% drop=0/0 scene=InGame
[21:47:59.386] [pchost] monitor t=22s frameCounter=2020 (+60) worldTimer=2021 gameMode=1
[21:47:59.759] [perf/offline] paced=60 rfps=60.0/60.0 simfps=60.0 wk=2.8ms max=6.6ms jit=0.0ms ovr=0% drop=0/0 scene=InGame
[21:47:59.759] [overlay] INPUT ours=006f0a50 focus=006f0a50 focus2=00000000 | keydowns=0 f3=0 f4=0 mouse=0 capture=0 pendF3=0 pendF4=0
[21:48:00.387] [pchost] monitor t=23s frameCounter=2080 (+60) worldTimer=2081 gameMode=1
[21:48:00.759] [perf/offline] paced=60 rfps=60.0/60.0 simfps=60.0 wk=4.1ms max=9.4ms jit=0.0ms ovr=0% drop=0/0 scene=InGame
[21:48:01.388] [pchost] monitor t=24s frameCounter=2140 (+60) worldTimer=2141 gameMode=1
[21:48:01.660] [pchost/mbaacc] STAGE-LINK #1 by link: ReloadStage 28 -> 28 from .\Bg\bg28.dat in 31 ms (Background_LoadStageData force + Background_InitializeAndLoad)
[21:48:01.717] [pchost/mbaacc] ETM-LINK editor disconnected from \\.\pipe\povertycaster-link-41900 — serving again
[21:48:01.783] [perf/offline] paced=60 rfps=56.1/60.0 simfps=58.6 wk=5.0ms max=38.6ms jit=1.8ms ovr=5% drop=1/1 scene=InGame
[21:48:01.783] [overlay] INPUT ours=006f0a50 focus=006f0a50 focus2=00000000 | keydowns=0 f3=0 f4=0 mouse=0 capture=0 pendF3=0 pendF4=0
[21:48:02.388] [pchost] monitor t=25s frameCounter=2199 (+59) worldTimer=2200 gameMode=1
[21:48:02.783] [perf/offline] paced=60 rfps=60.0/60.0 simfps=60.0 wk=2.6ms max=22.4ms jit=1.8ms ovr=0% drop=0/0 scene=InGame
[21:48:03.389] [pchost] monitor t=26s frameCounter=2259 (+60) worldTimer=2260 gameMode=1
[21:48:03.783] [perf/offline] paced=60 rfps=60.0/60.0 simfps=60.0 wk=2.1ms max=13.3ms jit=1.8ms ovr=0% drop=0/0 scene=InGame
[21:48:03.783] [overlay] INPUT ours=006f0a50 focus=006f0a50 focus2=00000000 | keydowns=0 f3=0 f4=0 mouse=0 capture=0 pendF3=0 pendF4=0
[21:48:04.389] [pchost] monitor t=27s frameCounter=2319 (+60) worldTimer=2320 gameMode=1
[21:48:04.783] [perf/offline] paced=60 rfps=60.0/60.0 simfps=60.0 wk=2.3ms max=8.4ms jit=0.0ms ovr=0% drop=0/0 scene=InGame
[21:48:05.391] [pchost] monitor t=28s frameCounter=2379 (+60) worldTimer=2380 gameMode=1
[21:48:05.517] [pchost] screenshot requested -> C:\games\mbaacc_winaspect\_stagelink_11_bg28_after_reload.bmp (backbuffer only)
[21:48:05.527] [overlay] screenshot: wrote C:\games\mbaacc_winaspect\_stagelink_11_bg28_after_reload.bmp (640x480, backbuffer only)
[21:48:05.783] [perf/offline] paced=60 rfps=60.0/60.0 simfps=60.0 wk=3.9ms max=14.1ms jit=0.0ms ovr=0% drop=0/0 scene=InGame
[21:48:05.783] [overlay] INPUT ours=006f0a50 focus=006f0a50 focus2=00000000 | keydowns=0 f3=0 f4=0 mouse=0 capture=0 pendF3=0 pendF4=0
[21:48:06.393] [pchost] monitor t=29s frameCounter=2439 (+60) worldTimer=2440 gameMode=1
[21:48:06.783] [perf/offline] paced=60 rfps=60.0/60.0 simfps=60.0 wk=3.0ms max=9.2ms jit=0.0ms ovr=0% drop=0/0 scene=InGame
[21:48:07.393] [pchost] monitor t=30s frameCounter=2499 (+60) worldTimer=2500 gameMode=1
[21:48:07.783] [perf/offline] paced=60 rfps=60.0/60.0 simfps=60.0 wk=3.4ms max=12.1ms jit=0.0ms ovr=0% drop=0/0 scene=InGame
[21:48:07.783] [overlay] INPUT ours=006f0a50 focus=006f0a50 focus2=00000000 | keydowns=0 f3=0 f4=0 mouse=0 capture=0 pendF3=0 pendF4=0
[21:48:08.394] [pchost] monitor t=31s frameCounter=2559 (+60) worldTimer=2560 gameMode=1
[21:48:08.783] [perf/offline] paced=60 rfps=60.0/60.0 simfps=60.0 wk=3.0ms max=8.1ms jit=0.0ms ovr=0% drop=0/0 scene=InGame
[21:48:09.395] [pchost] monitor t=32s frameCounter=2619 (+60) worldTimer=2620 gameMode=1
[21:48:09.783] [perf/offline] paced=60 rfps=60.0/60.0 simfps=60.0 wk=2.8ms max=5.7ms jit=0.0ms ovr=0% drop=0/0 scene=InGame
[21:48:09.783] [overlay] INPUT ours=006f0a50 focus=006f0a50 focus2=00000000 | keydowns=0 f3=0 f4=0 mouse=0 capture=0 pendF3=0 pendF4=0
[21:48:10.395] [pchost] monitor t=33s frameCounter=2679 (+60) worldTimer=2680 gameMode=1
[21:48:10.783] [perf/offline] paced=60 rfps=60.0/60.0 simfps=60.0 wk=3.1ms max=6.5ms jit=0.0ms ovr=0% drop=0/0 scene=InGame
[21:48:11.396] [pchost] monitor t=34s frameCounter=2739 (+60) worldTimer=2740 gameMode=1
[21:48:11.783] [perf/offline] paced=60 rfps=60.0/60.0 simfps=60.0 wk=3.1ms max=6.9ms jit=0.0ms ovr=0% drop=0/0 scene=InGame
[21:48:11.783] [overlay] INPUT ours=006f0a50 focus=006f0a50 focus2=00000000 | keydowns=0 f3=0 f4=0 mouse=0 capture=0 pendF3=0 pendF4=0
[21:48:12.396] [pchost] monitor t=35s frameCounter=2797 (+58) worldTimer=2798 gameMode=1
[21:48:12.821] [perf/offline] paced=60 rfps=60.0/60.0 simfps=57.8 wk=2.7ms max=32.4ms jit=2.8ms ovr=0% drop=1/1 scene=InGame
[21:48:13.398] [pchost] monitor t=36s frameCounter=2857 (+60) worldTimer=2858 gameMode=1
[21:48:13.821] [perf/offline] paced=60 rfps=60.0/60.0 simfps=60.0 wk=2.8ms max=19.0ms jit=2.8ms ovr=0% drop=0/0 scene=InGame
[21:48:13.821] [overlay] INPUT ours=006f0a50 focus=00000000 focus2=00000000 | keydowns=0 f3=0 f4=0 mouse=0 capture=0 pendF3=0 pendF4=0
[21:48:14.399] [pchost] monitor t=37s frameCounter=2917 (+60) worldTimer=2918 gameMode=1
[21:48:14.821] [perf/offline] paced=60 rfps=60.0/60.0 simfps=60.0 wk=3.0ms max=11.9ms jit=2.8ms ovr=0% drop=0/0 scene=InGame
[21:48:14.921] [pchost/mbaacc] ETM-LINK editor connected on \\.\pipe\povertycaster-link-41900 (client #2)
[21:48:15.023] [pchost/mbaacc] STAGE-LINK #2 by link: ReloadStage 28 -> 28 from .\Bg\bg28.dat in 31 ms (Background_LoadStageData force + Background_InitializeAndLoad)
[21:48:15.063] [pchost/mbaacc] ETM-LINK editor disconnected from \\.\pipe\povertycaster-link-41900 — serving again
[21:48:15.331] [pchost] screenshot requested -> C:\games\mbaacc_winaspect\_stagelink_12_bg28_restored.bmp (backbuffer only)
[21:48:15.347] [overlay] screenshot: wrote C:\games\mbaacc_winaspect\_stagelink_12_bg28_restored.bmp (640x480, backbuffer only)
[21:48:15.399] [pchost] monitor t=38s frameCounter=2976 (+59) worldTimer=2976 gameMode=1
[21:48:15.849] [perf/offline] paced=60 rfps=59.9/60.0 simfps=58.4 wk=2.9ms max=27.0ms jit=1.9ms ovr=1% drop=1/1 scene=InGame
[21:48:15.850] [overlay] INPUT ours=006f0a50 focus=00000000 focus2=00000000 | keydowns=0 f3=0 f4=0 mouse=0 capture=0 pendF3=0 pendF4=0
[21:48:16.400] [pchost] monitor t=39s frameCounter=3036 (+60) worldTimer=3036 gameMode=1
[21:48:16.849] [perf/offline] paced=60 rfps=60.0/60.0 simfps=60.0 wk=3.8ms max=16.3ms jit=1.9ms ovr=0% drop=0/0 scene=InGame
[21:48:17.401] [pchost] monitor t=40s frameCounter=3096 (+60) worldTimer=3097 gameMode=1
[21:48:17.401] [pchost] monitor complete after 40s — boot diagnostic only; the game CONTINUES, see [perf/offline] for the running session
[21:48:17.849] [perf/offline] paced=60 rfps=60.0/60.0 simfps=60.0 wk=2.5ms max=10.1ms jit=1.9ms ovr=0% drop=0/0 scene=InGame
[21:48:17.849] [overlay] INPUT ours=006f0a50 focus=00000000 focus2=00000000 | keydowns=0 f3=0 f4=0 mouse=0 capture=0 pendF3=0 pendF4=0
[21:48:18.849] [perf/offline] paced=60 rfps=60.0/60.0 simfps=60.0 wk=3.1ms max=7.0ms jit=0.0ms ovr=0% drop=0/0 scene=InGame
[21:48:19.849] [perf/offline] paced=60 rfps=60.0/60.0 simfps=60.0 wk=2.7ms max=5.1ms jit=0.0ms ovr=0% drop=0/0 scene=InGame
[21:48:19.849] [overlay] INPUT ours=006f0a50 focus=00000000 focus2=00000000 | keydowns=0 f3=0 f4=0 mouse=0 capture=0 pendF3=0 pendF4=0
[21:48:20.849] [perf/offline] paced=60 rfps=60.0/60.0 simfps=60.0 wk=3.5ms max=7.9ms jit=0.0ms ovr=0% drop=0/0 scene=InGame
[21:48:21.849] [perf/offline] paced=60 rfps=60.0/60.0 simfps=60.0 wk=2.7ms max=5.7ms jit=0.0ms ovr=0% drop=0/0 scene=InGame
[21:48:21.850] [overlay] INPUT ours=006f0a50 focus=00000000 focus2=00000000 | keydowns=0 f3=0 f4=0 mouse=0 capture=0 pendF3=0 pendF4=0
[21:48:22.849] [perf/offline] paced=60 rfps=60.0/60.0 simfps=60.0 wk=2.5ms max=4.3ms jit=0.0ms ovr=0% drop=0/0 scene=InGame
[21:48:23.849] [perf/offline] paced=60 rfps=60.0/60.0 simfps=60.0 wk=2.6ms max=8.3ms jit=0.0ms ovr=0% drop=0/0 scene=InGame
[21:48:23.849] [overlay] INPUT ours=006f0a50 focus=00000000 focus2=00000000 | keydowns=0 f3=0 f4=0 mouse=0 capture=0 pendF3=0 pendF4=0
[21:48:24.849] [perf/offline] paced=60 rfps=60.0/60.0 simfps=60.0 wk=2.8ms max=7.4ms jit=0.0ms ovr=0% drop=0/0 scene=InGame
[21:48:25.849] [perf/offline] paced=60 rfps=60.0/60.0 simfps=60.0 wk=2.3ms max=5.2ms jit=0.0ms ovr=0% drop=0/0 scene=InGame
[21:48:25.849] [overlay] INPUT ours=006f0a50 focus=00000000 focus2=00000000 | keydowns=0 f3=0 f4=0 mouse=0 capture=0 pendF3=0 pendF4=0
[21:48:26.849] [perf/offline] paced=60 rfps=60.0/60.0 simfps=60.0 wk=2.9ms max=6.5ms jit=0.0ms ovr=0% drop=0/0 scene=InGame
[21:48:27.849] [perf/offline] paced=60 rfps=60.0/60.0 simfps=60.0 wk=2.6ms max=5.8ms jit=0.0ms ovr=0% drop=0/0 scene=InGame
[21:48:27.849] [overlay] INPUT ours=006f0a50 focus=00000000 focus2=00000000 | keydowns=0 f3=0 f4=0 mouse=0 capture=0 pendF3=0 pendF4=0
[21:48:28.849] [perf/offline] paced=60 rfps=60.0/60.0 simfps=60.0 wk=2.3ms max=6.1ms jit=0.0ms ovr=0% drop=0/0 scene=InGame
[21:48:29.849] [perf/offline] paced=60 rfps=60.0/60.0 simfps=60.0 wk=2.9ms max=7.1ms jit=0.0ms ovr=0% drop=0/0 scene=InGame
[21:48:29.849] [overlay] INPUT ours=006f0a50 focus=00000000 focus2=00000000 | keydowns=0 f3=0 f4=0 mouse=0 capture=0 pendF3=0 pendF4=0
[21:48:30.849] [perf/offline] paced=60 rfps=60.0/60.0 simfps=60.0 wk=3.0ms max=7.2ms jit=0.0ms ovr=0% drop=0/0 scene=InGame
[21:48:31.849] [perf/offline] paced=60 rfps=60.0/60.0 simfps=60.0 wk=2.9ms max=6.7ms jit=0.0ms ovr=0% drop=0/0 scene=InGame
[21:48:31.849] [overlay] INPUT ours=006f0a50 focus=00000000 focus2=00000000 | keydowns=0 f3=0 f4=0 mouse=0 capture=0 pendF3=0 pendF4=0
[21:48:32.849] [perf/offline] paced=60 rfps=60.0/60.0 simfps=60.0 wk=3.1ms max=6.3ms jit=0.0ms ovr=0% drop=0/0 scene=InGame
[21:48:33.849] [perf/offline] paced=60 rfps=60.0/60.0 simfps=60.0 wk=2.9ms max=5.0ms jit=0.0ms ovr=0% drop=0/0 scene=InGame
[21:48:33.849] [overlay] INPUT ours=006f0a50 focus=00000000 focus2=00000000 | keydowns=0 f3=0 f4=0 mouse=0 capture=0 pendF3=0 pendF4=0
[21:48:33.949] [pchost/mbaacc] ETM-LINK editor connected on \\.\pipe\povertycaster-link-41900 (client #3)
[21:48:33.999] [pchost/mbaacc] STAGE-LINK link asked for stage 0 — REFUSED: out of range 1..99
[21:48:34.033] [pchost/mbaacc] ETM-LINK editor disconnected from \\.\pipe\povertycaster-link-41900 — serving again
[21:48:34.233] [pchost/mbaacc] ETM-LINK editor connected on \\.\pipe\povertycaster-link-41900 (client #4)
[21:48:34.299] [pchost/mbaacc] STAGE-LINK link: REFUSED — stage 77 has no BgList.ini entry
[21:48:34.333] [pchost/mbaacc] ETM-LINK editor disconnected from \\.\pipe\povertycaster-link-41900 — serving again
[21:48:34.516] [pchost/mbaacc] ETM-LINK editor connected on \\.\pipe\povertycaster-link-41900 (client #5)
[21:48:34.566] [pchost/mbaacc] STAGE-LINK link asked for stage 100 — REFUSED: out of range 1..99
[21:48:34.599] [pchost/mbaacc] ETM-LINK editor disconnected from \\.\pipe\povertycaster-link-41900 — serving again
[21:48:34.799] [pchost/mbaacc] ETM-LINK editor connected on \\.\pipe\povertycaster-link-41900 (client #6)
[21:48:34.849] [perf/offline] paced=60 rfps=60.0/60.0 simfps=60.0 wk=2.7ms max=4.9ms jit=0.0ms ovr=0% drop=0/0 scene=InGame
[21:48:34.909] [pchost/mbaacc] STAGE-LINK #3 by link: SetStage 28 -> 9 from .\Bg\bg09.dat in 62 ms (Background_LoadStageData force + Background_InitializeAndLoad); BGM kept (28, flag)
[21:48:34.947] [pchost/mbaacc] ETM-LINK editor disconnected from \\.\pipe\povertycaster-link-41900 — serving again
[21:48:35.131] [pchost/mbaacc] ETM-LINK editor connected on \\.\pipe\povertycaster-link-41900 (client #7)
[21:48:35.231] [pchost/mbaacc] ETM-LINK editor disconnected from \\.\pipe\povertycaster-link-41900 — serving again
[21:48:35.897] [perf/offline] paced=60 rfps=60.0/60.0 simfps=57.3 wk=2.5ms max=36.9ms jit=3.6ms ovr=0% drop=1/1 scene=InGame
[21:48:35.897] [overlay] INPUT ours=006f0a50 focus=00000000 focus2=00000000 | keydowns=0 f3=0 f4=0 mouse=0 capture=0 pendF3=0 pendF4=0
[21:48:36.631] [pchost/mbaacc] ETM-LINK editor connected on \\.\pipe\povertycaster-link-41900 (client #8)
[21:48:36.897] [perf/offline] paced=60 rfps=60.0/60.0 simfps=60.0 wk=2.5ms max=21.6ms jit=3.6ms ovr=0% drop=0/0 scene=InGame
[21:48:37.897] [perf/offline] paced=60 rfps=60.0/60.0 simfps=60.0 wk=3.2ms max=13.1ms jit=3.6ms ovr=0% drop=0/0 scene=InGame
[21:48:37.897] [overlay] INPUT ours=006f0a50 focus=00000000 focus2=00000000 | keydowns=0 f3=0 f4=0 mouse=0 capture=0 pendF3=0 pendF4=0
[21:48:38.897] [perf/offline] paced=60 rfps=60.0/60.0 simfps=60.0 wk=3.0ms max=8.5ms jit=0.0ms ovr=0% drop=0/0 scene=InGame
[21:48:39.897] [perf/offline] paced=60 rfps=60.0/60.0 simfps=60.0 wk=2.5ms max=5.9ms jit=0.0ms ovr=0% drop=0/0 scene=InGame
[21:48:39.897] [overlay] INPUT ours=006f0a50 focus=00000000 focus2=00000000 | keydowns=0 f3=0 f4=0 mouse=0 capture=0 pendF3=0 pendF4=0
[21:48:40.897] [perf/offline] paced=60 rfps=60.0/60.0 simfps=60.0 wk=2.8ms max=4.7ms jit=0.0ms ovr=0% drop=0/0 scene=InGame
[21:48:41.268] [pchost/mbaacc] ETM-LINK editor disconnected from \\.\pipe\povertycaster-link-41900 — serving again
[21:48:41.897] [perf/offline] paced=60 rfps=60.0/60.0 simfps=60.0 wk=2.3ms max=6.5ms jit=0.0ms ovr=0% drop=0/0 scene=InGame
[21:48:41.897] [overlay] INPUT ours=006f0a50 focus=00000000 focus2=00000000 | keydowns=0 f3=0 f4=0 mouse=0 capture=0 pendF3=0 pendF4=0
[21:48:42.897] [perf/offline] paced=60 rfps=60.0/60.0 simfps=60.0 wk=3.0ms max=4.8ms jit=0.0ms ovr=0% drop=0/0 scene=InGame
[21:48:43.897] [perf/offline] paced=60 rfps=60.0/60.0 simfps=60.0 wk=2.9ms max=7.8ms jit=0.0ms ovr=0% drop=0/0 scene=InGame
[21:48:43.897] [overlay] INPUT ours=006f0a50 focus=00000000 focus2=00000000 | keydowns=0 f3=0 f4=0 mouse=0 capture=0 pendF3=0 pendF4=0
[21:48:44.897] [perf/offline] paced=60 rfps=60.0/60.0 simfps=60.0 wk=2.9ms max=6.2ms jit=0.0ms ovr=0% drop=0/0 scene=InGame
[21:48:45.897] [perf/offline] paced=60 rfps=60.0/60.0 simfps=60.0 wk=3.0ms max=5.7ms jit=0.0ms ovr=0% drop=0/0 scene=InGame
[21:48:45.897] [overlay] INPUT ours=006f0a50 focus=00000000 focus2=00000000 | keydowns=0 f3=0 f4=0 mouse=0 capture=0 pendF3=0 pendF4=0
[21:48:46.897] [perf/offline] paced=60 rfps=60.0/60.0 simfps=60.0 wk=3.2ms max=7.4ms jit=0.0ms ovr=0% drop=0/0 scene=InGame
[21:48:47.897] [perf/offline] paced=60 rfps=60.0/60.0 simfps=60.0 wk=2.6ms max=6.7ms jit=0.0ms ovr=0% drop=0/0 scene=InGame
[21:48:47.897] [overlay] INPUT ours=006f0a50 focus=00000000 focus2=00000000 | keydowns=0 f3=0 f4=0 mouse=0 capture=0 pendF3=0 pendF4=0
[21:48:48.897] [perf/offline] paced=60 rfps=60.0/60.0 simfps=60.0 wk=2.5ms max=5.0ms jit=0.0ms ovr=0% drop=0/0 scene=InGame
[21:48:49.897] [perf/offline] paced=60 rfps=60.0/60.0 simfps=60.0 wk=2.7ms max=4.8ms jit=0.0ms ovr=0% drop=0/0 scene=InGame
[21:48:49.897] [overlay] INPUT ours=006f0a50 focus=00000000 focus2=00000000 | keydowns=0 f3=0 f4=0 mouse=0 capture=0 pendF3=0 pendF4=0
[21:48:50.897] [perf/offline] paced=60 rfps=60.0/60.0 simfps=60.0 wk=2.5ms max=3.8ms jit=0.0ms ovr=0% drop=0/0 scene=InGame
[21:48:51.897] [perf/offline] paced=60 rfps=60.0/60.0 simfps=60.0 wk=3.0ms max=4.9ms jit=0.0ms ovr=0% drop=0/0 scene=InGame
[21:48:51.897] [overlay] INPUT ours=006f0a50 focus=00000000 focus2=00000000 | keydowns=0 f3=0 f4=0 mouse=0 capture=0 pendF3=0 pendF4=0
[21:48:52.897] [perf/offline] paced=60 rfps=60.0/60.0 simfps=60.0 wk=3.5ms max=10.8ms jit=0.0ms ovr=0% drop=0/0 scene=InGame
[21:48:53.897] [perf/offline] paced=60 rfps=60.0/60.0 simfps=60.0 wk=2.9ms max=7.2ms jit=0.0ms ovr=0% drop=0/0 scene=InGame
[21:48:53.897] [overlay] INPUT ours=006f0a50 focus=00000000 focus2=00000000 | keydowns=0 f3=0 f4=0 mouse=0 capture=0 pendF3=0 pendF4=0
[21:48:54.897] [perf/offline] paced=60 rfps=60.0/60.0 simfps=60.0 wk=2.7ms max=10.3ms jit=0.0ms ovr=0% drop=0/0 scene=InGame
[21:48:55.897] [perf/offline] paced=60 rfps=60.0/60.0 simfps=60.0 wk=2.4ms max=6.8ms jit=0.0ms ovr=0% drop=0/0 scene=InGame
[21:48:55.897] [overlay] INPUT ours=006f0a50 focus=00000000 focus2=00000000 | keydowns=0 f3=0 f4=0 mouse=0 capture=0 pendF3=0 pendF4=0
[21:48:56.897] [perf/offline] paced=60 rfps=60.0/60.0 simfps=60.0 wk=2.9ms max=6.5ms jit=0.0ms ovr=0% drop=0/0 scene=InGame
[21:48:57.897] [perf/offline] paced=60 rfps=60.0/60.0 simfps=60.0 wk=2.9ms max=6.3ms jit=0.0ms ovr=0% drop=0/0 scene=InGame
[21:48:57.897] [overlay] INPUT ours=006f0a50 focus=00000000 focus2=00000000 | keydowns=0 f3=0 f4=0 mouse=0 capture=0 pendF3=0 pendF4=0
[21:48:58.897] [perf/offline] paced=60 rfps=60.0/60.0 simfps=60.0 wk=2.1ms max=5.5ms jit=0.0ms ovr=0% drop=0/0 scene=InGame
[21:48:59.897] [perf/offline] paced=60 rfps=60.0/60.0 simfps=60.0 wk=2.7ms max=5.3ms jit=0.0ms ovr=0% drop=0/0 scene=InGame
[21:48:59.897] [overlay] INPUT ours=006f0a50 focus=00000000 focus2=00000000 | keydowns=0 f3=0 f4=0 mouse=0 capture=0 pendF3=0 pendF4=0
[21:49:00.897] [perf/offline] paced=60 rfps=60.0/60.0 simfps=60.0 wk=2.7ms max=6.1ms jit=0.0ms ovr=0% drop=0/0 scene=InGame
[21:49:01.897] [perf/offline] paced=60 rfps=60.0/60.0 simfps=60.0 wk=2.8ms max=6.1ms jit=0.0ms ovr=0% drop=0/0 scene=InGame
[21:49:01.897] [overlay] INPUT ours=006f0a50 focus=00000000 focus2=00000000 | keydowns=0 f3=0 f4=0 mouse=0 capture=0 pendF3=0 pendF4=0
